// Jest Snapshot v1, https://goo.gl/fbAQLP

exports[`<Button /> unit test should match snapshot 1`] = `
<div>
  <button>
    click me
  </button>
</div>
`;

exports[`<ButtonGroup /> unit tests should match snapshot 1`] = `
<ButtonGroup>
  <div
    className="buttonGroup-0-2-1"
  />
</ButtonGroup>
`;

exports[`<ButtonGroup /> unit tests should match snapshot 2`] = `
<div>
  <div
    class="buttonGroup-0-2-1"
  />
</div>
`;
